producer_class	xtools.gsea.Gsea
producer_timestamp	1543194340775
param	collapse	false
param	cls	/Users/jwang16/Downloads/drive-download-20181126T010125Z-001/GSE113439.cls#Hypertension_versus_Normal
param	plot_top_x	20
param	norm	meandiv
param	save_rnd_lists	false
param	median	false
param	num	100
param	scoring_scheme	weighted
param	make_sets	true
param	mode	Max_probe
param	gmx	gseaftp.broadinstitute.org://pub/gsea/gene_sets_final/c5.mf.v6.2.symbols.gmt
param	gui	false
param	metric	Signal2Noise
param	rpt_label	my_analysis
param	help	false
param	order	descending
param	out	/Users/jwang16/gsea_home/output/nov25
param	create_svgs	false
param	permute	phenotype
param	rnd_type	no_balance
param	set_min	15
param	include_only_symbols	true
param	sort	real
param	create_gcts	false
param	rnd_seed	timestamp
param	nperm	1000
param	zip_report	false
param	set_max	500
param	res	/Users/jwang16/Downloads/drive-download-20181126T010125Z-001/GSE113439.gct

file	/Users/jwang16/gsea_home/output/nov25/my_analysis.Gsea.1543194340775/index.html
